Component: Arm Compiler for Embedded 6.22 Tool: armlink [5ee90200]

==============================================================================

Section Cross References

    main.o(.text.main) refers to main.o(.text.SystemClock_Config) for SystemClock_Config
    main.o(.ARM.exidx.text.main) refers to main.o(.text.main) for [Anonymous Symbol]
    main.o(.text.SystemClock_Config) refers to stm32f3xx_ll_utils.o(.text.LL_Init1msTick) for LL_Init1msTick
    main.o(.text.SystemClock_Config) refers to stm32f3xx_ll_utils.o(.text.LL_SetSystemCoreClock) for LL_SetSystemCoreClock
    main.o(.ARM.exidx.text.SystemClock_Config) refers to main.o(.text.SystemClock_Config) for [Anonymous Symbol]
    stm32f3xx_it.o(.ARM.exidx.text.NMI_Handler) refers to stm32f3xx_it.o(.text.NMI_Handler) for [Anonymous Symbol]
    stm32f3xx_it.o(.ARM.exidx.text.HardFault_Handler) refers to stm32f3xx_it.o(.text.HardFault_Handler) for [Anonymous Symbol]
    stm32f3xx_it.o(.ARM.exidx.text.MemManage_Handler) refers to stm32f3xx_it.o(.text.MemManage_Handler) for [Anonymous Symbol]
    stm32f3xx_it.o(.ARM.exidx.text.BusFault_Handler) refers to stm32f3xx_it.o(.text.BusFault_Handler) for [Anonymous Symbol]
    stm32f3xx_it.o(.ARM.exidx.text.UsageFault_Handler) refers to stm32f3xx_it.o(.text.UsageFault_Handler) for [Anonymous Symbol]
    stm32f3xx_it.o(.ARM.exidx.text.SVC_Handler) refers to stm32f3xx_it.o(.text.SVC_Handler) for [Anonymous Symbol]
    stm32f3xx_it.o(.ARM.exidx.text.DebugMon_Handler) refers to stm32f3xx_it.o(.text.DebugMon_Handler) for [Anonymous Symbol]
    stm32f3xx_it.o(.ARM.exidx.text.PendSV_Handler) refers to stm32f3xx_it.o(.text.PendSV_Handler) for [Anonymous Symbol]
    stm32f3xx_it.o(.ARM.exidx.text.SysTick_Handler) refers to stm32f3xx_it.o(.text.SysTick_Handler) for [Anonymous Symbol]
    startup_stm32f303xc.o(RESET) refers to startup_stm32f303xc.o(STACK) for __initial_sp
    startup_stm32f303xc.o(RESET) refers to startup_stm32f303xc.o(.text) for Reset_Handler
    startup_stm32f303xc.o(RESET) refers to stm32f3xx_it.o(.text.NMI_Handler) for NMI_Handler
    startup_stm32f303xc.o(RESET) refers to stm32f3xx_it.o(.text.HardFault_Handler) for HardFault_Handler
    startup_stm32f303xc.o(RESET) refers to stm32f3xx_it.o(.text.MemManage_Handler) for MemManage_Handler
    startup_stm32f303xc.o(RESET) refers to stm32f3xx_it.o(.text.BusFault_Handler) for BusFault_Handler
    startup_stm32f303xc.o(RESET) refers to stm32f3xx_it.o(.text.UsageFault_Handler) for UsageFault_Handler
    startup_stm32f303xc.o(RESET) refers to stm32f3xx_it.o(.text.SVC_Handler) for SVC_Handler
    startup_stm32f303xc.o(RESET) refers to stm32f3xx_it.o(.text.DebugMon_Handler) for DebugMon_Handler
    startup_stm32f303xc.o(RESET) refers to stm32f3xx_it.o(.text.PendSV_Handler) for PendSV_Handler
    startup_stm32f303xc.o(RESET) refers to stm32f3xx_it.o(.text.SysTick_Handler) for SysTick_Handler
    startup_stm32f303xc.o(.text) refers to system_stm32f3xx.o(.text.SystemInit) for SystemInit
    startup_stm32f303xc.o(.text) refers to entry.o(.ARM.Collect$$$$00000000) for __main
    system_stm32f3xx.o(.ARM.exidx.text.SystemInit) refers to system_stm32f3xx.o(.text.SystemInit) for [Anonymous Symbol]
    system_stm32f3xx.o(.text.SystemCoreClockUpdate) refers to system_stm32f3xx.o(.data.SystemCoreClock) for SystemCoreClock
    system_stm32f3xx.o(.text.SystemCoreClockUpdate) refers to system_stm32f3xx.o(.rodata.AHBPrescTable) for AHBPrescTable
    system_stm32f3xx.o(.ARM.exidx.text.SystemCoreClockUpdate) refers to system_stm32f3xx.o(.text.SystemCoreClockUpdate) for [Anonymous Symbol]
    stm32f3xx_ll_usart.o(.ARM.exidx.text.LL_USART_DeInit) refers to stm32f3xx_ll_usart.o(.text.LL_USART_DeInit) for [Anonymous Symbol]
    stm32f3xx_ll_usart.o(.text.LL_USART_Init) refers to stm32f3xx_ll_rcc.o(.text.LL_RCC_GetUSARTClockFreq) for LL_RCC_GetUSARTClockFreq
    stm32f3xx_ll_usart.o(.text.LL_USART_Init) refers to stm32f3xx_ll_rcc.o(.text.LL_RCC_GetUARTClockFreq) for LL_RCC_GetUARTClockFreq
    stm32f3xx_ll_usart.o(.ARM.exidx.text.LL_USART_Init) refers to stm32f3xx_ll_usart.o(.text.LL_USART_Init) for [Anonymous Symbol]
    stm32f3xx_ll_usart.o(.ARM.exidx.text.LL_USART_StructInit) refers to stm32f3xx_ll_usart.o(.text.LL_USART_StructInit) for [Anonymous Symbol]
    stm32f3xx_ll_usart.o(.ARM.exidx.text.LL_USART_ClockInit) refers to stm32f3xx_ll_usart.o(.text.LL_USART_ClockInit) for [Anonymous Symbol]
    stm32f3xx_ll_usart.o(.ARM.exidx.text.LL_USART_ClockStructInit) refers to stm32f3xx_ll_usart.o(.text.LL_USART_ClockStructInit) for [Anonymous Symbol]
    stm32f3xx_ll_pwr.o(.ARM.exidx.text.LL_PWR_DeInit) refers to stm32f3xx_ll_pwr.o(.text.LL_PWR_DeInit) for [Anonymous Symbol]
    stm32f3xx_ll_tim.o(.ARM.exidx.text.LL_TIM_DeInit) refers to stm32f3xx_ll_tim.o(.text.LL_TIM_DeInit) for [Anonymous Symbol]
    stm32f3xx_ll_tim.o(.ARM.exidx.text.LL_TIM_StructInit) refers to stm32f3xx_ll_tim.o(.text.LL_TIM_StructInit) for [Anonymous Symbol]
    stm32f3xx_ll_tim.o(.ARM.exidx.text.LL_TIM_Init) refers to stm32f3xx_ll_tim.o(.text.LL_TIM_Init) for [Anonymous Symbol]
    stm32f3xx_ll_tim.o(.ARM.exidx.text.LL_TIM_OC_StructInit) refers to stm32f3xx_ll_tim.o(.text.LL_TIM_OC_StructInit) for [Anonymous Symbol]
    stm32f3xx_ll_tim.o(.ARM.exidx.text.LL_TIM_OC_Init) refers to stm32f3xx_ll_tim.o(.text.LL_TIM_OC_Init) for [Anonymous Symbol]
    stm32f3xx_ll_tim.o(.ARM.exidx.text.LL_TIM_IC_StructInit) refers to stm32f3xx_ll_tim.o(.text.LL_TIM_IC_StructInit) for [Anonymous Symbol]
    stm32f3xx_ll_tim.o(.ARM.exidx.text.LL_TIM_IC_Init) refers to stm32f3xx_ll_tim.o(.text.LL_TIM_IC_Init) for [Anonymous Symbol]
    stm32f3xx_ll_tim.o(.ARM.exidx.text.LL_TIM_ENCODER_StructInit) refers to stm32f3xx_ll_tim.o(.text.LL_TIM_ENCODER_StructInit) for [Anonymous Symbol]
    stm32f3xx_ll_tim.o(.ARM.exidx.text.LL_TIM_ENCODER_Init) refers to stm32f3xx_ll_tim.o(.text.LL_TIM_ENCODER_Init) for [Anonymous Symbol]
    stm32f3xx_ll_tim.o(.ARM.exidx.text.LL_TIM_HALLSENSOR_StructInit) refers to stm32f3xx_ll_tim.o(.text.LL_TIM_HALLSENSOR_StructInit) for [Anonymous Symbol]
    stm32f3xx_ll_tim.o(.ARM.exidx.text.LL_TIM_HALLSENSOR_Init) refers to stm32f3xx_ll_tim.o(.text.LL_TIM_HALLSENSOR_Init) for [Anonymous Symbol]
    stm32f3xx_ll_tim.o(.ARM.exidx.text.LL_TIM_BDTR_StructInit) refers to stm32f3xx_ll_tim.o(.text.LL_TIM_BDTR_StructInit) for [Anonymous Symbol]
    stm32f3xx_ll_tim.o(.ARM.exidx.text.LL_TIM_BDTR_Init) refers to stm32f3xx_ll_tim.o(.text.LL_TIM_BDTR_Init) for [Anonymous Symbol]
    stm32f3xx_ll_opamp.o(.ARM.exidx.text.LL_OPAMP_DeInit) refers to stm32f3xx_ll_opamp.o(.text.LL_OPAMP_DeInit) for [Anonymous Symbol]
    stm32f3xx_ll_opamp.o(.ARM.exidx.text.LL_OPAMP_Init) refers to stm32f3xx_ll_opamp.o(.text.LL_OPAMP_Init) for [Anonymous Symbol]
    stm32f3xx_ll_opamp.o(.ARM.exidx.text.LL_OPAMP_StructInit) refers to stm32f3xx_ll_opamp.o(.text.LL_OPAMP_StructInit) for [Anonymous Symbol]
    stm32f3xx_ll_gpio.o(.ARM.exidx.text.LL_GPIO_DeInit) refers to stm32f3xx_ll_gpio.o(.text.LL_GPIO_DeInit) for [Anonymous Symbol]
    stm32f3xx_ll_gpio.o(.ARM.exidx.text.LL_GPIO_Init) refers to stm32f3xx_ll_gpio.o(.text.LL_GPIO_Init) for [Anonymous Symbol]
    stm32f3xx_ll_gpio.o(.ARM.exidx.text.LL_GPIO_StructInit) refers to stm32f3xx_ll_gpio.o(.text.LL_GPIO_StructInit) for [Anonymous Symbol]
    stm32f3xx_ll_rcc.o(.ARM.exidx.text.LL_RCC_DeInit) refers to stm32f3xx_ll_rcc.o(.text.LL_RCC_DeInit) for [Anonymous Symbol]
    stm32f3xx_ll_rcc.o(.text.LL_RCC_GetSystemClocksFreq) refers to system_stm32f3xx.o(.rodata.AHBPrescTable) for AHBPrescTable
    stm32f3xx_ll_rcc.o(.text.LL_RCC_GetSystemClocksFreq) refers to system_stm32f3xx.o(.rodata.APBPrescTable) for APBPrescTable
    stm32f3xx_ll_rcc.o(.ARM.exidx.text.LL_RCC_GetSystemClocksFreq) refers to stm32f3xx_ll_rcc.o(.text.LL_RCC_GetSystemClocksFreq) for [Anonymous Symbol]
    stm32f3xx_ll_rcc.o(.ARM.exidx.text.RCC_GetSystemClockFreq) refers to stm32f3xx_ll_rcc.o(.text.RCC_GetSystemClockFreq) for [Anonymous Symbol]
    stm32f3xx_ll_rcc.o(.text.RCC_GetHCLKClockFreq) refers to system_stm32f3xx.o(.rodata.AHBPrescTable) for AHBPrescTable
    stm32f3xx_ll_rcc.o(.ARM.exidx.text.RCC_GetHCLKClockFreq) refers to stm32f3xx_ll_rcc.o(.text.RCC_GetHCLKClockFreq) for [Anonymous Symbol]
    stm32f3xx_ll_rcc.o(.text.RCC_GetPCLK1ClockFreq) refers to system_stm32f3xx.o(.rodata.APBPrescTable) for APBPrescTable
    stm32f3xx_ll_rcc.o(.ARM.exidx.text.RCC_GetPCLK1ClockFreq) refers to stm32f3xx_ll_rcc.o(.text.RCC_GetPCLK1ClockFreq) for [Anonymous Symbol]
    stm32f3xx_ll_rcc.o(.text.RCC_GetPCLK2ClockFreq) refers to system_stm32f3xx.o(.rodata.APBPrescTable) for APBPrescTable
    stm32f3xx_ll_rcc.o(.ARM.exidx.text.RCC_GetPCLK2ClockFreq) refers to stm32f3xx_ll_rcc.o(.text.RCC_GetPCLK2ClockFreq) for [Anonymous Symbol]
    stm32f3xx_ll_rcc.o(.text.LL_RCC_GetUSARTClockFreq) refers to system_stm32f3xx.o(.rodata.AHBPrescTable) for AHBPrescTable
    stm32f3xx_ll_rcc.o(.text.LL_RCC_GetUSARTClockFreq) refers to system_stm32f3xx.o(.rodata.APBPrescTable) for APBPrescTable
    stm32f3xx_ll_rcc.o(.ARM.exidx.text.LL_RCC_GetUSARTClockFreq) refers to stm32f3xx_ll_rcc.o(.text.LL_RCC_GetUSARTClockFreq) for [Anonymous Symbol]
    stm32f3xx_ll_rcc.o(.text.LL_RCC_GetUARTClockFreq) refers to system_stm32f3xx.o(.rodata.AHBPrescTable) for AHBPrescTable
    stm32f3xx_ll_rcc.o(.text.LL_RCC_GetUARTClockFreq) refers to system_stm32f3xx.o(.rodata.APBPrescTable) for APBPrescTable
    stm32f3xx_ll_rcc.o(.ARM.exidx.text.LL_RCC_GetUARTClockFreq) refers to stm32f3xx_ll_rcc.o(.text.LL_RCC_GetUARTClockFreq) for [Anonymous Symbol]
    stm32f3xx_ll_rcc.o(.ARM.exidx.text.LL_RCC_GetI2CClockFreq) refers to stm32f3xx_ll_rcc.o(.text.LL_RCC_GetI2CClockFreq) for [Anonymous Symbol]
    stm32f3xx_ll_rcc.o(.ARM.exidx.text.LL_RCC_GetI2SClockFreq) refers to stm32f3xx_ll_rcc.o(.text.LL_RCC_GetI2SClockFreq) for [Anonymous Symbol]
    stm32f3xx_ll_rcc.o(.ARM.exidx.text.LL_RCC_GetUSBClockFreq) refers to stm32f3xx_ll_rcc.o(.text.LL_RCC_GetUSBClockFreq) for [Anonymous Symbol]
    stm32f3xx_ll_rcc.o(.ARM.exidx.text.RCC_PLL_GetFreqDomain_SYS) refers to stm32f3xx_ll_rcc.o(.text.RCC_PLL_GetFreqDomain_SYS) for [Anonymous Symbol]
    stm32f3xx_ll_rcc.o(.text.LL_RCC_GetADCClockFreq) refers to system_stm32f3xx.o(.rodata.AHBPrescTable) for AHBPrescTable
    stm32f3xx_ll_rcc.o(.text.LL_RCC_GetADCClockFreq) refers to system_stm32f3xx.o(.rodata.APBPrescTable) for APBPrescTable
    stm32f3xx_ll_rcc.o(.text.LL_RCC_GetADCClockFreq) refers to stm32f3xx_ll_rcc.o(.rodata.aADCPrescTable) for aADCPrescTable
    stm32f3xx_ll_rcc.o(.ARM.exidx.text.LL_RCC_GetADCClockFreq) refers to stm32f3xx_ll_rcc.o(.text.LL_RCC_GetADCClockFreq) for [Anonymous Symbol]
    stm32f3xx_ll_rcc.o(.text.LL_RCC_GetTIMClockFreq) refers to system_stm32f3xx.o(.rodata.AHBPrescTable) for AHBPrescTable
    stm32f3xx_ll_rcc.o(.text.LL_RCC_GetTIMClockFreq) refers to system_stm32f3xx.o(.rodata.APBPrescTable) for APBPrescTable
    stm32f3xx_ll_rcc.o(.ARM.exidx.text.LL_RCC_GetTIMClockFreq) refers to stm32f3xx_ll_rcc.o(.text.LL_RCC_GetTIMClockFreq) for [Anonymous Symbol]
    stm32f3xx_ll_spi.o(.ARM.exidx.text.LL_SPI_DeInit) refers to stm32f3xx_ll_spi.o(.text.LL_SPI_DeInit) for [Anonymous Symbol]
    stm32f3xx_ll_spi.o(.ARM.exidx.text.LL_SPI_Init) refers to stm32f3xx_ll_spi.o(.text.LL_SPI_Init) for [Anonymous Symbol]
    stm32f3xx_ll_spi.o(.ARM.exidx.text.LL_SPI_StructInit) refers to stm32f3xx_ll_spi.o(.text.LL_SPI_StructInit) for [Anonymous Symbol]
    stm32f3xx_ll_spi.o(.ARM.exidx.text.LL_I2S_DeInit) refers to stm32f3xx_ll_spi.o(.text.LL_I2S_DeInit) for [Anonymous Symbol]
    stm32f3xx_ll_spi.o(.text.LL_I2S_Init) refers to stm32f3xx_ll_rcc.o(.text.LL_RCC_GetSystemClocksFreq) for LL_RCC_GetSystemClocksFreq
    stm32f3xx_ll_spi.o(.ARM.exidx.text.LL_I2S_Init) refers to stm32f3xx_ll_spi.o(.text.LL_I2S_Init) for [Anonymous Symbol]
    stm32f3xx_ll_spi.o(.ARM.exidx.text.LL_I2S_StructInit) refers to stm32f3xx_ll_spi.o(.text.LL_I2S_StructInit) for [Anonymous Symbol]
    stm32f3xx_ll_spi.o(.ARM.exidx.text.LL_I2S_ConfigPrescaler) refers to stm32f3xx_ll_spi.o(.text.LL_I2S_ConfigPrescaler) for [Anonymous Symbol]
    stm32f3xx_ll_spi.o(.ARM.exidx.text.LL_I2S_InitFullDuplex) refers to stm32f3xx_ll_spi.o(.text.LL_I2S_InitFullDuplex) for [Anonymous Symbol]
    stm32f3xx_ll_adc.o(.ARM.exidx.text.LL_ADC_CommonDeInit) refers to stm32f3xx_ll_adc.o(.text.LL_ADC_CommonDeInit) for [Anonymous Symbol]
    stm32f3xx_ll_adc.o(.ARM.exidx.text.LL_ADC_CommonInit) refers to stm32f3xx_ll_adc.o(.text.LL_ADC_CommonInit) for [Anonymous Symbol]
    stm32f3xx_ll_adc.o(.ARM.exidx.text.LL_ADC_CommonStructInit) refers to stm32f3xx_ll_adc.o(.text.LL_ADC_CommonStructInit) for [Anonymous Symbol]
    stm32f3xx_ll_adc.o(.ARM.exidx.text.LL_ADC_DeInit) refers to stm32f3xx_ll_adc.o(.text.LL_ADC_DeInit) for [Anonymous Symbol]
    stm32f3xx_ll_adc.o(.ARM.exidx.text.LL_ADC_Init) refers to stm32f3xx_ll_adc.o(.text.LL_ADC_Init) for [Anonymous Symbol]
    stm32f3xx_ll_adc.o(.ARM.exidx.text.LL_ADC_StructInit) refers to stm32f3xx_ll_adc.o(.text.LL_ADC_StructInit) for [Anonymous Symbol]
    stm32f3xx_ll_adc.o(.ARM.exidx.text.LL_ADC_REG_Init) refers to stm32f3xx_ll_adc.o(.text.LL_ADC_REG_Init) for [Anonymous Symbol]
    stm32f3xx_ll_adc.o(.ARM.exidx.text.LL_ADC_REG_StructInit) refers to stm32f3xx_ll_adc.o(.text.LL_ADC_REG_StructInit) for [Anonymous Symbol]
    stm32f3xx_ll_adc.o(.ARM.exidx.text.LL_ADC_INJ_Init) refers to stm32f3xx_ll_adc.o(.text.LL_ADC_INJ_Init) for [Anonymous Symbol]
    stm32f3xx_ll_adc.o(.ARM.exidx.text.LL_ADC_INJ_StructInit) refers to stm32f3xx_ll_adc.o(.text.LL_ADC_INJ_StructInit) for [Anonymous Symbol]
    stm32f3xx_ll_comp.o(.ARM.exidx.text.LL_COMP_DeInit) refers to stm32f3xx_ll_comp.o(.text.LL_COMP_DeInit) for [Anonymous Symbol]
    stm32f3xx_ll_comp.o(.ARM.exidx.text.LL_COMP_Init) refers to stm32f3xx_ll_comp.o(.text.LL_COMP_Init) for [Anonymous Symbol]
    stm32f3xx_ll_comp.o(.ARM.exidx.text.LL_COMP_StructInit) refers to stm32f3xx_ll_comp.o(.text.LL_COMP_StructInit) for [Anonymous Symbol]
    stm32f3xx_ll_dma.o(.ARM.exidx.text.LL_DMA_DeInit) refers to stm32f3xx_ll_dma.o(.text.LL_DMA_DeInit) for [Anonymous Symbol]
    stm32f3xx_ll_dma.o(.ARM.exidx.text.LL_DMA_Init) refers to stm32f3xx_ll_dma.o(.text.LL_DMA_Init) for [Anonymous Symbol]
    stm32f3xx_ll_dma.o(.text.LL_DMA_StructInit) refers to memseta.o(.text) for __aeabi_memclr4
    stm32f3xx_ll_dma.o(.ARM.exidx.text.LL_DMA_StructInit) refers to stm32f3xx_ll_dma.o(.text.LL_DMA_StructInit) for [Anonymous Symbol]
    stm32f3xx_ll_utils.o(.ARM.exidx.text.LL_Init1msTick) refers to stm32f3xx_ll_utils.o(.text.LL_Init1msTick) for [Anonymous Symbol]
    stm32f3xx_ll_utils.o(.ARM.exidx.text.LL_mDelay) refers to stm32f3xx_ll_utils.o(.text.LL_mDelay) for [Anonymous Symbol]
    stm32f3xx_ll_utils.o(.text.LL_SetSystemCoreClock) refers to system_stm32f3xx.o(.data.SystemCoreClock) for SystemCoreClock
    stm32f3xx_ll_utils.o(.ARM.exidx.text.LL_SetSystemCoreClock) refers to stm32f3xx_ll_utils.o(.text.LL_SetSystemCoreClock) for [Anonymous Symbol]
    stm32f3xx_ll_utils.o(.text.LL_PLL_ConfigSystemClock_HSI) refers to stm32f3xx_ll_utils.o(.text.UTILS_EnablePLLAndSwitchSystem) for UTILS_EnablePLLAndSwitchSystem
    stm32f3xx_ll_utils.o(.ARM.exidx.text.LL_PLL_ConfigSystemClock_HSI) refers to stm32f3xx_ll_utils.o(.text.LL_PLL_ConfigSystemClock_HSI) for [Anonymous Symbol]
    stm32f3xx_ll_utils.o(.text.UTILS_EnablePLLAndSwitchSystem) refers to system_stm32f3xx.o(.data.SystemCoreClock) for SystemCoreClock
    stm32f3xx_ll_utils.o(.text.UTILS_EnablePLLAndSwitchSystem) refers to system_stm32f3xx.o(.rodata.AHBPrescTable) for AHBPrescTable
    stm32f3xx_ll_utils.o(.ARM.exidx.text.UTILS_EnablePLLAndSwitchSystem) refers to stm32f3xx_ll_utils.o(.text.UTILS_EnablePLLAndSwitchSystem) for [Anonymous Symbol]
    stm32f3xx_ll_utils.o(.text.LL_PLL_ConfigSystemClock_HSE) refers to stm32f3xx_ll_utils.o(.text.UTILS_EnablePLLAndSwitchSystem) for UTILS_EnablePLLAndSwitchSystem
    stm32f3xx_ll_utils.o(.ARM.exidx.text.LL_PLL_ConfigSystemClock_HSE) refers to stm32f3xx_ll_utils.o(.text.LL_PLL_ConfigSystemClock_HSE) for [Anonymous Symbol]
    stm32f3xx_ll_dac.o(.ARM.exidx.text.LL_DAC_DeInit) refers to stm32f3xx_ll_dac.o(.text.LL_DAC_DeInit) for [Anonymous Symbol]
    stm32f3xx_ll_dac.o(.ARM.exidx.text.LL_DAC_Init) refers to stm32f3xx_ll_dac.o(.text.LL_DAC_Init) for [Anonymous Symbol]
    stm32f3xx_ll_dac.o(.ARM.exidx.text.LL_DAC_StructInit) refers to stm32f3xx_ll_dac.o(.text.LL_DAC_StructInit) for [Anonymous Symbol]
    stm32f3xx_ll_exti.o(.ARM.exidx.text.LL_EXTI_DeInit) refers to stm32f3xx_ll_exti.o(.text.LL_EXTI_DeInit) for [Anonymous Symbol]
    stm32f3xx_ll_exti.o(.ARM.exidx.text.LL_EXTI_Init) refers to stm32f3xx_ll_exti.o(.text.LL_EXTI_Init) for [Anonymous Symbol]
    stm32f3xx_ll_exti.o(.ARM.exidx.text.LL_EXTI_StructInit) refers to stm32f3xx_ll_exti.o(.text.LL_EXTI_StructInit) for [Anonymous Symbol]
    stm32f3xx_ll_crc.o(.ARM.exidx.text.LL_CRC_DeInit) refers to stm32f3xx_ll_crc.o(.text.LL_CRC_DeInit) for [Anonymous Symbol]
    stm32f3xx_ll_i2c.o(.ARM.exidx.text.LL_I2C_DeInit) refers to stm32f3xx_ll_i2c.o(.text.LL_I2C_DeInit) for [Anonymous Symbol]
    stm32f3xx_ll_i2c.o(.ARM.exidx.text.LL_I2C_Init) refers to stm32f3xx_ll_i2c.o(.text.LL_I2C_Init) for [Anonymous Symbol]
    stm32f3xx_ll_i2c.o(.ARM.exidx.text.LL_I2C_StructInit) refers to stm32f3xx_ll_i2c.o(.text.LL_I2C_StructInit) for [Anonymous Symbol]
    stm32f3xx_ll_rtc.o(.text.LL_RTC_DeInit) refers to stm32f3xx_ll_rtc.o(.text.LL_RTC_WaitForSynchro) for LL_RTC_WaitForSynchro
    stm32f3xx_ll_rtc.o(.ARM.exidx.text.LL_RTC_DeInit) refers to stm32f3xx_ll_rtc.o(.text.LL_RTC_DeInit) for [Anonymous Symbol]
    stm32f3xx_ll_rtc.o(.ARM.exidx.text.LL_RTC_EnterInitMode) refers to stm32f3xx_ll_rtc.o(.text.LL_RTC_EnterInitMode) for [Anonymous Symbol]
    stm32f3xx_ll_rtc.o(.ARM.exidx.text.LL_RTC_WaitForSynchro) refers to stm32f3xx_ll_rtc.o(.text.LL_RTC_WaitForSynchro) for [Anonymous Symbol]
    stm32f3xx_ll_rtc.o(.ARM.exidx.text.LL_RTC_Init) refers to stm32f3xx_ll_rtc.o(.text.LL_RTC_Init) for [Anonymous Symbol]
    stm32f3xx_ll_rtc.o(.ARM.exidx.text.LL_RTC_StructInit) refers to stm32f3xx_ll_rtc.o(.text.LL_RTC_StructInit) for [Anonymous Symbol]
    stm32f3xx_ll_rtc.o(.text.LL_RTC_TIME_Init) refers to stm32f3xx_ll_rtc.o(.text.LL_RTC_WaitForSynchro) for LL_RTC_WaitForSynchro
    stm32f3xx_ll_rtc.o(.ARM.exidx.text.LL_RTC_TIME_Init) refers to stm32f3xx_ll_rtc.o(.text.LL_RTC_TIME_Init) for [Anonymous Symbol]
    stm32f3xx_ll_rtc.o(.ARM.exidx.text.LL_RTC_TIME_StructInit) refers to stm32f3xx_ll_rtc.o(.text.LL_RTC_TIME_StructInit) for [Anonymous Symbol]
    stm32f3xx_ll_rtc.o(.text.LL_RTC_DATE_Init) refers to stm32f3xx_ll_rtc.o(.text.LL_RTC_WaitForSynchro) for LL_RTC_WaitForSynchro
    stm32f3xx_ll_rtc.o(.ARM.exidx.text.LL_RTC_DATE_Init) refers to stm32f3xx_ll_rtc.o(.text.LL_RTC_DATE_Init) for [Anonymous Symbol]
    stm32f3xx_ll_rtc.o(.ARM.exidx.text.LL_RTC_DATE_StructInit) refers to stm32f3xx_ll_rtc.o(.text.LL_RTC_DATE_StructInit) for [Anonymous Symbol]
    stm32f3xx_ll_rtc.o(.ARM.exidx.text.LL_RTC_ALMA_Init) refers to stm32f3xx_ll_rtc.o(.text.LL_RTC_ALMA_Init) for [Anonymous Symbol]
    stm32f3xx_ll_rtc.o(.ARM.exidx.text.LL_RTC_ALMB_Init) refers to stm32f3xx_ll_rtc.o(.text.LL_RTC_ALMB_Init) for [Anonymous Symbol]
    stm32f3xx_ll_rtc.o(.ARM.exidx.text.LL_RTC_ALMA_StructInit) refers to stm32f3xx_ll_rtc.o(.text.LL_RTC_ALMA_StructInit) for [Anonymous Symbol]
    stm32f3xx_ll_rtc.o(.ARM.exidx.text.LL_RTC_ALMB_StructInit) refers to stm32f3xx_ll_rtc.o(.text.LL_RTC_ALMB_StructInit) for [Anonymous Symbol]
    stm32f3xx_ll_rtc.o(.ARM.exidx.text.LL_RTC_ExitInitMode) refers to stm32f3xx_ll_rtc.o(.text.LL_RTC_ExitInitMode) for [Anonymous Symbol]
    entry.o(.ARM.Collect$$$$00000000) refers (Special) to entry10a.o(.ARM.Collect$$$$0000000D) for __rt_final_cpp
    entry.o(.ARM.Collect$$$$00000000) refers (Special) to entry11a.o(.ARM.Collect$$$$0000000F) for __rt_final_exit
    entry.o(.ARM.Collect$$$$00000000) refers (Special) to entry7b.o(.ARM.Collect$$$$00000008) for _main_clock
    entry.o(.ARM.Collect$$$$00000000) refers (Special) to entry8b.o(.ARM.Collect$$$$0000000A) for _main_cpp_init
    entry.o(.ARM.Collect$$$$00000000) refers (Special) to entry9a.o(.ARM.Collect$$$$0000000B) for _main_init
    entry.o(.ARM.Collect$$$$00000000) refers (Special) to entry5.o(.ARM.Collect$$$$00000004) for _main_scatterload
    entry.o(.ARM.Collect$$$$00000000) refers (Special) to entry2.o(.ARM.Collect$$$$00000001) for _main_stk
    entry2.o(.ARM.Collect$$$$00000001) refers to entry2.o(.ARM.Collect$$$$00002712) for __lit__00000000
    entry2.o(.ARM.Collect$$$$00002712) refers to startup_stm32f303xc.o(STACK) for __initial_sp
    entry2.o(__vectab_stack_and_reset_area) refers to startup_stm32f303xc.o(STACK) for __initial_sp
    entry2.o(__vectab_stack_and_reset_area) refers to entry.o(.ARM.Collect$$$$00000000) for __main
    entry5.o(.ARM.Collect$$$$00000004) refers to init.o(.text) for __scatterload
    entry9a.o(.ARM.Collect$$$$0000000B) refers to main.o(.text.main) for main
    entry9b.o(.ARM.Collect$$$$0000000C) refers to main.o(.text.main) for main
    init.o(.text) refers to entry5.o(.ARM.Collect$$$$00000004) for __main_after_scatterload


==============================================================================

Removing Unused input sections from the image.

    Removing main.o(.text), (0 bytes).
    Removing main.o(.ARM.exidx.text.main), (8 bytes).
    Removing main.o(.ARM.exidx.text.SystemClock_Config), (8 bytes).
    Removing main.o(.ARM.use_no_argv), (4 bytes).
    Removing stm32f3xx_it.o(.text), (0 bytes).
    Removing stm32f3xx_it.o(.ARM.exidx.text.NMI_Handler), (8 bytes).
    Removing stm32f3xx_it.o(.ARM.exidx.text.HardFault_Handler), (8 bytes).
    Removing stm32f3xx_it.o(.ARM.exidx.text.MemManage_Handler), (8 bytes).
    Removing stm32f3xx_it.o(.ARM.exidx.text.BusFault_Handler), (8 bytes).
    Removing stm32f3xx_it.o(.ARM.exidx.text.UsageFault_Handler), (8 bytes).
    Removing stm32f3xx_it.o(.ARM.exidx.text.SVC_Handler), (8 bytes).
    Removing stm32f3xx_it.o(.ARM.exidx.text.DebugMon_Handler), (8 bytes).
    Removing stm32f3xx_it.o(.ARM.exidx.text.PendSV_Handler), (8 bytes).
    Removing stm32f3xx_it.o(.ARM.exidx.text.SysTick_Handler), (8 bytes).
    Removing startup_stm32f303xc.o(HEAP), (512 bytes).
    Removing system_stm32f3xx.o(.text), (0 bytes).
    Removing system_stm32f3xx.o(.ARM.exidx.text.SystemInit), (8 bytes).
    Removing system_stm32f3xx.o(.text.SystemCoreClockUpdate), (104 bytes).
    Removing system_stm32f3xx.o(.ARM.exidx.text.SystemCoreClockUpdate), (8 bytes).
    Removing system_stm32f3xx.o(.rodata.AHBPrescTable), (16 bytes).
    Removing system_stm32f3xx.o(.rodata.APBPrescTable), (8 bytes).
    Removing stm32f3xx_ll_usart.o(.text), (0 bytes).
    Removing stm32f3xx_ll_usart.o(.text.LL_USART_DeInit), (160 bytes).
    Removing stm32f3xx_ll_usart.o(.ARM.exidx.text.LL_USART_DeInit), (8 bytes).
    Removing stm32f3xx_ll_usart.o(.text.LL_USART_Init), (290 bytes).
    Removing stm32f3xx_ll_usart.o(.ARM.exidx.text.LL_USART_Init), (8 bytes).
    Removing stm32f3xx_ll_usart.o(.text.LL_USART_StructInit), (24 bytes).
    Removing stm32f3xx_ll_usart.o(.ARM.exidx.text.LL_USART_StructInit), (8 bytes).
    Removing stm32f3xx_ll_usart.o(.text.LL_USART_ClockInit), (54 bytes).
    Removing stm32f3xx_ll_usart.o(.ARM.exidx.text.LL_USART_ClockInit), (8 bytes).
    Removing stm32f3xx_ll_usart.o(.text.LL_USART_ClockStructInit), (12 bytes).
    Removing stm32f3xx_ll_usart.o(.ARM.exidx.text.LL_USART_ClockStructInit), (8 bytes).
    Removing stm32f3xx_ll_pwr.o(.text), (0 bytes).
    Removing stm32f3xx_ll_pwr.o(.text.LL_PWR_DeInit), (28 bytes).
    Removing stm32f3xx_ll_pwr.o(.ARM.exidx.text.LL_PWR_DeInit), (8 bytes).
    Removing stm32f3xx_ll_tim.o(.text), (0 bytes).
    Removing stm32f3xx_ll_tim.o(.text.LL_TIM_DeInit), (284 bytes).
    Removing stm32f3xx_ll_tim.o(.ARM.exidx.text.LL_TIM_DeInit), (8 bytes).
    Removing stm32f3xx_ll_tim.o(.text.LL_TIM_StructInit), (18 bytes).
    Removing stm32f3xx_ll_tim.o(.ARM.exidx.text.LL_TIM_StructInit), (8 bytes).
    Removing stm32f3xx_ll_tim.o(.text.LL_TIM_Init), (278 bytes).
    Removing stm32f3xx_ll_tim.o(.ARM.exidx.text.LL_TIM_Init), (8 bytes).
    Removing stm32f3xx_ll_tim.o(.text.LL_TIM_OC_StructInit), (20 bytes).
    Removing stm32f3xx_ll_tim.o(.ARM.exidx.text.LL_TIM_OC_StructInit), (8 bytes).
    Removing stm32f3xx_ll_tim.o(.text.LL_TIM_OC_Init), (816 bytes).
    Removing stm32f3xx_ll_tim.o(.ARM.exidx.text.LL_TIM_OC_Init), (8 bytes).
    Removing stm32f3xx_ll_tim.o(.text.LL_TIM_IC_StructInit), (16 bytes).
    Removing stm32f3xx_ll_tim.o(.ARM.exidx.text.LL_TIM_IC_StructInit), (8 bytes).
    Removing stm32f3xx_ll_tim.o(.text.LL_TIM_IC_Init), (230 bytes).
    Removing stm32f3xx_ll_tim.o(.ARM.exidx.text.LL_TIM_IC_Init), (8 bytes).
    Removing stm32f3xx_ll_tim.o(.text.LL_TIM_ENCODER_StructInit), (26 bytes).
    Removing stm32f3xx_ll_tim.o(.ARM.exidx.text.LL_TIM_ENCODER_StructInit), (8 bytes).
    Removing stm32f3xx_ll_tim.o(.text.LL_TIM_ENCODER_Init), (106 bytes).
    Removing stm32f3xx_ll_tim.o(.ARM.exidx.text.LL_TIM_ENCODER_Init), (8 bytes).
    Removing stm32f3xx_ll_tim.o(.text.LL_TIM_HALLSENSOR_StructInit), (12 bytes).
    Removing stm32f3xx_ll_tim.o(.ARM.exidx.text.LL_TIM_HALLSENSOR_StructInit), (8 bytes).
    Removing stm32f3xx_ll_tim.o(.text.LL_TIM_HALLSENSOR_Init), (100 bytes).
    Removing stm32f3xx_ll_tim.o(.ARM.exidx.text.LL_TIM_HALLSENSOR_Init), (8 bytes).
    Removing stm32f3xx_ll_tim.o(.text.LL_TIM_BDTR_StructInit), (38 bytes).
    Removing stm32f3xx_ll_tim.o(.ARM.exidx.text.LL_TIM_BDTR_StructInit), (8 bytes).
    Removing stm32f3xx_ll_tim.o(.text.LL_TIM_BDTR_Init), (124 bytes).
    Removing stm32f3xx_ll_tim.o(.ARM.exidx.text.LL_TIM_BDTR_Init), (8 bytes).
    Removing stm32f3xx_ll_opamp.o(.text), (0 bytes).
    Removing stm32f3xx_ll_opamp.o(.text.LL_OPAMP_DeInit), (16 bytes).
    Removing stm32f3xx_ll_opamp.o(.ARM.exidx.text.LL_OPAMP_DeInit), (8 bytes).
    Removing stm32f3xx_ll_opamp.o(.text.LL_OPAMP_Init), (64 bytes).
    Removing stm32f3xx_ll_opamp.o(.ARM.exidx.text.LL_OPAMP_Init), (8 bytes).
    Removing stm32f3xx_ll_opamp.o(.text.LL_OPAMP_StructInit), (10 bytes).
    Removing stm32f3xx_ll_opamp.o(.ARM.exidx.text.LL_OPAMP_StructInit), (8 bytes).
    Removing stm32f3xx_ll_gpio.o(.text), (0 bytes).
    Removing stm32f3xx_ll_gpio.o(.text.LL_GPIO_DeInit), (100 bytes).
    Removing stm32f3xx_ll_gpio.o(.ARM.exidx.text.LL_GPIO_DeInit), (8 bytes).
    Removing stm32f3xx_ll_gpio.o(.text.LL_GPIO_Init), (198 bytes).
    Removing stm32f3xx_ll_gpio.o(.ARM.exidx.text.LL_GPIO_Init), (8 bytes).
    Removing stm32f3xx_ll_gpio.o(.text.LL_GPIO_StructInit), (20 bytes).
    Removing stm32f3xx_ll_gpio.o(.ARM.exidx.text.LL_GPIO_StructInit), (8 bytes).
    Removing stm32f3xx_ll_rcc.o(.text), (0 bytes).
    Removing stm32f3xx_ll_rcc.o(.text.LL_RCC_DeInit), (202 bytes).
    Removing stm32f3xx_ll_rcc.o(.ARM.exidx.text.LL_RCC_DeInit), (8 bytes).
    Removing stm32f3xx_ll_rcc.o(.text.LL_RCC_GetSystemClocksFreq), (140 bytes).
    Removing stm32f3xx_ll_rcc.o(.ARM.exidx.text.LL_RCC_GetSystemClocksFreq), (8 bytes).
    Removing stm32f3xx_ll_rcc.o(.text.RCC_GetSystemClockFreq), (66 bytes).
    Removing stm32f3xx_ll_rcc.o(.ARM.exidx.text.RCC_GetSystemClockFreq), (8 bytes).
    Removing stm32f3xx_ll_rcc.o(.text.RCC_GetHCLKClockFreq), (28 bytes).
    Removing stm32f3xx_ll_rcc.o(.ARM.exidx.text.RCC_GetHCLKClockFreq), (8 bytes).
    Removing stm32f3xx_ll_rcc.o(.text.RCC_GetPCLK1ClockFreq), (28 bytes).
    Removing stm32f3xx_ll_rcc.o(.ARM.exidx.text.RCC_GetPCLK1ClockFreq), (8 bytes).
    Removing stm32f3xx_ll_rcc.o(.text.RCC_GetPCLK2ClockFreq), (28 bytes).
    Removing stm32f3xx_ll_rcc.o(.ARM.exidx.text.RCC_GetPCLK2ClockFreq), (8 bytes).
    Removing stm32f3xx_ll_rcc.o(.text.LL_RCC_GetUSARTClockFreq), (348 bytes).
    Removing stm32f3xx_ll_rcc.o(.ARM.exidx.text.LL_RCC_GetUSARTClockFreq), (8 bytes).
    Removing stm32f3xx_ll_rcc.o(.text.LL_RCC_GetUARTClockFreq), (244 bytes).
    Removing stm32f3xx_ll_rcc.o(.ARM.exidx.text.LL_RCC_GetUARTClockFreq), (8 bytes).
    Removing stm32f3xx_ll_rcc.o(.text.LL_RCC_GetI2CClockFreq), (120 bytes).
    Removing stm32f3xx_ll_rcc.o(.ARM.exidx.text.LL_RCC_GetI2CClockFreq), (8 bytes).
    Removing stm32f3xx_ll_rcc.o(.text.LL_RCC_GetI2SClockFreq), (78 bytes).
    Removing stm32f3xx_ll_rcc.o(.ARM.exidx.text.LL_RCC_GetI2SClockFreq), (8 bytes).
    Removing stm32f3xx_ll_rcc.o(.text.LL_RCC_GetUSBClockFreq), (132 bytes).
    Removing stm32f3xx_ll_rcc.o(.ARM.exidx.text.LL_RCC_GetUSBClockFreq), (8 bytes).
    Removing stm32f3xx_ll_rcc.o(.text.RCC_PLL_GetFreqDomain_SYS), (54 bytes).
    Removing stm32f3xx_ll_rcc.o(.ARM.exidx.text.RCC_PLL_GetFreqDomain_SYS), (8 bytes).
    Removing stm32f3xx_ll_rcc.o(.text.LL_RCC_GetADCClockFreq), (236 bytes).
    Removing stm32f3xx_ll_rcc.o(.ARM.exidx.text.LL_RCC_GetADCClockFreq), (8 bytes).
    Removing stm32f3xx_ll_rcc.o(.text.LL_RCC_GetTIMClockFreq), (180 bytes).
    Removing stm32f3xx_ll_rcc.o(.ARM.exidx.text.LL_RCC_GetTIMClockFreq), (8 bytes).
    Removing stm32f3xx_ll_rcc.o(.rodata.aADCPrescTable), (32 bytes).
    Removing stm32f3xx_ll_hrtim.o(.text), (0 bytes).
    Removing stm32f3xx_ll_spi.o(.text), (0 bytes).
    Removing stm32f3xx_ll_spi.o(.text.LL_SPI_DeInit), (98 bytes).
    Removing stm32f3xx_ll_spi.o(.ARM.exidx.text.LL_SPI_DeInit), (8 bytes).
    Removing stm32f3xx_ll_spi.o(.text.LL_SPI_Init), (120 bytes).
    Removing stm32f3xx_ll_spi.o(.ARM.exidx.text.LL_SPI_Init), (8 bytes).
    Removing stm32f3xx_ll_spi.o(.text.LL_SPI_StructInit), (30 bytes).
    Removing stm32f3xx_ll_spi.o(.ARM.exidx.text.LL_SPI_StructInit), (8 bytes).
    Removing stm32f3xx_ll_spi.o(.text.LL_I2S_DeInit), (98 bytes).
    Removing stm32f3xx_ll_spi.o(.ARM.exidx.text.LL_I2S_DeInit), (8 bytes).
    Removing stm32f3xx_ll_spi.o(.text.LL_I2S_Init), (152 bytes).
    Removing stm32f3xx_ll_spi.o(.ARM.exidx.text.LL_I2S_Init), (8 bytes).
    Removing stm32f3xx_ll_spi.o(.text.LL_I2S_StructInit), (18 bytes).
    Removing stm32f3xx_ll_spi.o(.ARM.exidx.text.LL_I2S_StructInit), (8 bytes).
    Removing stm32f3xx_ll_spi.o(.text.LL_I2S_ConfigPrescaler), (22 bytes).
    Removing stm32f3xx_ll_spi.o(.ARM.exidx.text.LL_I2S_ConfigPrescaler), (8 bytes).
    Removing stm32f3xx_ll_spi.o(.text.LL_I2S_InitFullDuplex), (88 bytes).
    Removing stm32f3xx_ll_spi.o(.ARM.exidx.text.LL_I2S_InitFullDuplex), (8 bytes).
    Removing stm32f3xx_ll_adc.o(.text), (0 bytes).
    Removing stm32f3xx_ll_adc.o(.text.LL_ADC_CommonDeInit), (56 bytes).
    Removing stm32f3xx_ll_adc.o(.ARM.exidx.text.LL_ADC_CommonDeInit), (8 bytes).
    Removing stm32f3xx_ll_adc.o(.text.LL_ADC_CommonInit), (106 bytes).
    Removing stm32f3xx_ll_adc.o(.ARM.exidx.text.LL_ADC_CommonInit), (8 bytes).
    Removing stm32f3xx_ll_adc.o(.text.LL_ADC_CommonStructInit), (16 bytes).
    Removing stm32f3xx_ll_adc.o(.ARM.exidx.text.LL_ADC_CommonStructInit), (8 bytes).
    Removing stm32f3xx_ll_adc.o(.text.LL_ADC_DeInit), (620 bytes).
    Removing stm32f3xx_ll_adc.o(.ARM.exidx.text.LL_ADC_DeInit), (8 bytes).
    Removing stm32f3xx_ll_adc.o(.text.LL_ADC_Init), (40 bytes).
    Removing stm32f3xx_ll_adc.o(.ARM.exidx.text.LL_ADC_Init), (8 bytes).
    Removing stm32f3xx_ll_adc.o(.text.LL_ADC_StructInit), (10 bytes).
    Removing stm32f3xx_ll_adc.o(.ARM.exidx.text.LL_ADC_StructInit), (8 bytes).
    Removing stm32f3xx_ll_adc.o(.text.LL_ADC_REG_Init), (82 bytes).
    Removing stm32f3xx_ll_adc.o(.ARM.exidx.text.LL_ADC_REG_Init), (8 bytes).
    Removing stm32f3xx_ll_adc.o(.text.LL_ADC_REG_StructInit), (20 bytes).
    Removing stm32f3xx_ll_adc.o(.ARM.exidx.text.LL_ADC_REG_StructInit), (8 bytes).
    Removing stm32f3xx_ll_adc.o(.text.LL_ADC_INJ_Init), (68 bytes).
    Removing stm32f3xx_ll_adc.o(.ARM.exidx.text.LL_ADC_INJ_Init), (8 bytes).
    Removing stm32f3xx_ll_adc.o(.text.LL_ADC_INJ_StructInit), (12 bytes).
    Removing stm32f3xx_ll_adc.o(.ARM.exidx.text.LL_ADC_INJ_StructInit), (8 bytes).
    Removing stm32f3xx_ll_comp.o(.text), (0 bytes).
    Removing stm32f3xx_ll_comp.o(.text.LL_COMP_DeInit), (16 bytes).
    Removing stm32f3xx_ll_comp.o(.ARM.exidx.text.LL_COMP_DeInit), (8 bytes).
    Removing stm32f3xx_ll_comp.o(.text.LL_COMP_Init), (64 bytes).
    Removing stm32f3xx_ll_comp.o(.ARM.exidx.text.LL_COMP_Init), (8 bytes).
    Removing stm32f3xx_ll_comp.o(.text.LL_COMP_StructInit), (20 bytes).
    Removing stm32f3xx_ll_comp.o(.ARM.exidx.text.LL_COMP_StructInit), (8 bytes).
    Removing stm32f3xx_ll_dma.o(.text), (0 bytes).
    Removing stm32f3xx_ll_dma.o(.text.LL_DMA_DeInit), (264 bytes).
    Removing stm32f3xx_ll_dma.o(.ARM.exidx.text.LL_DMA_DeInit), (8 bytes).
    Removing stm32f3xx_ll_dma.o(.text.LL_DMA_Init), (96 bytes).
    Removing stm32f3xx_ll_dma.o(.ARM.exidx.text.LL_DMA_Init), (8 bytes).
    Removing stm32f3xx_ll_dma.o(.text.LL_DMA_StructInit), (10 bytes).
    Removing stm32f3xx_ll_dma.o(.ARM.exidx.text.LL_DMA_StructInit), (8 bytes).
    Removing stm32f3xx_ll_utils.o(.text), (0 bytes).
    Removing stm32f3xx_ll_utils.o(.ARM.exidx.text.LL_Init1msTick), (8 bytes).
    Removing stm32f3xx_ll_utils.o(.text.LL_mDelay), (70 bytes).
    Removing stm32f3xx_ll_utils.o(.ARM.exidx.text.LL_mDelay), (8 bytes).
    Removing stm32f3xx_ll_utils.o(.ARM.exidx.text.LL_SetSystemCoreClock), (8 bytes).
    Removing stm32f3xx_ll_utils.o(.text.LL_PLL_ConfigSystemClock_HSI), (124 bytes).
    Removing stm32f3xx_ll_utils.o(.ARM.exidx.text.LL_PLL_ConfigSystemClock_HSI), (8 bytes).
    Removing stm32f3xx_ll_utils.o(.text.UTILS_EnablePLLAndSwitchSystem), (348 bytes).
    Removing stm32f3xx_ll_utils.o(.ARM.exidx.text.UTILS_EnablePLLAndSwitchSystem), (8 bytes).
    Removing stm32f3xx_ll_utils.o(.text.LL_PLL_ConfigSystemClock_HSE), (162 bytes).
    Removing stm32f3xx_ll_utils.o(.ARM.exidx.text.LL_PLL_ConfigSystemClock_HSE), (8 bytes).
    Removing stm32f3xx_ll_dac.o(.text), (0 bytes).
    Removing stm32f3xx_ll_dac.o(.text.LL_DAC_DeInit), (44 bytes).
    Removing stm32f3xx_ll_dac.o(.ARM.exidx.text.LL_DAC_DeInit), (8 bytes).
    Removing stm32f3xx_ll_dac.o(.text.LL_DAC_Init), (74 bytes).
    Removing stm32f3xx_ll_dac.o(.ARM.exidx.text.LL_DAC_Init), (8 bytes).
    Removing stm32f3xx_ll_dac.o(.text.LL_DAC_StructInit), (14 bytes).
    Removing stm32f3xx_ll_dac.o(.ARM.exidx.text.LL_DAC_StructInit), (8 bytes).
    Removing stm32f3xx_ll_exti.o(.text), (0 bytes).
    Removing stm32f3xx_ll_exti.o(.text.LL_EXTI_DeInit), (54 bytes).
    Removing stm32f3xx_ll_exti.o(.ARM.exidx.text.LL_EXTI_DeInit), (8 bytes).
    Removing stm32f3xx_ll_exti.o(.text.LL_EXTI_Init), (396 bytes).
    Removing stm32f3xx_ll_exti.o(.ARM.exidx.text.LL_EXTI_Init), (8 bytes).
    Removing stm32f3xx_ll_exti.o(.text.LL_EXTI_StructInit), (14 bytes).
    Removing stm32f3xx_ll_exti.o(.ARM.exidx.text.LL_EXTI_StructInit), (8 bytes).
    Removing stm32f3xx_ll_crc.o(.text), (0 bytes).
    Removing stm32f3xx_ll_crc.o(.text.LL_CRC_DeInit), (76 bytes).
    Removing stm32f3xx_ll_crc.o(.ARM.exidx.text.LL_CRC_DeInit), (8 bytes).
    Removing stm32f3xx_ll_i2c.o(.text), (0 bytes).
    Removing stm32f3xx_ll_i2c.o(.text.LL_I2C_DeInit), (72 bytes).
    Removing stm32f3xx_ll_i2c.o(.ARM.exidx.text.LL_I2C_DeInit), (8 bytes).
    Removing stm32f3xx_ll_i2c.o(.text.LL_I2C_Init), (118 bytes).
    Removing stm32f3xx_ll_i2c.o(.ARM.exidx.text.LL_I2C_Init), (8 bytes).
    Removing stm32f3xx_ll_i2c.o(.text.LL_I2C_StructInit), (22 bytes).
    Removing stm32f3xx_ll_i2c.o(.ARM.exidx.text.LL_I2C_StructInit), (8 bytes).
    Removing stm32f3xx_ll_rtc.o(.text), (0 bytes).
    Removing stm32f3xx_ll_rtc.o(.text.LL_RTC_DeInit), (166 bytes).
    Removing stm32f3xx_ll_rtc.o(.ARM.exidx.text.LL_RTC_DeInit), (8 bytes).
    Removing stm32f3xx_ll_rtc.o(.text.LL_RTC_EnterInitMode), (96 bytes).
    Removing stm32f3xx_ll_rtc.o(.ARM.exidx.text.LL_RTC_EnterInitMode), (8 bytes).
    Removing stm32f3xx_ll_rtc.o(.text.LL_RTC_WaitForSynchro), (178 bytes).
    Removing stm32f3xx_ll_rtc.o(.ARM.exidx.text.LL_RTC_WaitForSynchro), (8 bytes).
    Removing stm32f3xx_ll_rtc.o(.text.LL_RTC_Init), (188 bytes).
    Removing stm32f3xx_ll_rtc.o(.ARM.exidx.text.LL_RTC_Init), (8 bytes).
    Removing stm32f3xx_ll_rtc.o(.text.LL_RTC_StructInit), (10 bytes).
    Removing stm32f3xx_ll_rtc.o(.ARM.exidx.text.LL_RTC_StructInit), (8 bytes).
    Removing stm32f3xx_ll_rtc.o(.text.LL_RTC_TIME_Init), (286 bytes).
    Removing stm32f3xx_ll_rtc.o(.ARM.exidx.text.LL_RTC_TIME_Init), (8 bytes).
    Removing stm32f3xx_ll_rtc.o(.text.LL_RTC_TIME_StructInit), (10 bytes).
    Removing stm32f3xx_ll_rtc.o(.ARM.exidx.text.LL_RTC_TIME_StructInit), (8 bytes).
    Removing stm32f3xx_ll_rtc.o(.text.LL_RTC_DATE_Init), (302 bytes).
    Removing stm32f3xx_ll_rtc.o(.ARM.exidx.text.LL_RTC_DATE_Init), (8 bytes).
    Removing stm32f3xx_ll_rtc.o(.text.LL_RTC_DATE_StructInit), (12 bytes).
    Removing stm32f3xx_ll_rtc.o(.ARM.exidx.text.LL_RTC_DATE_StructInit), (8 bytes).
    Removing stm32f3xx_ll_rtc.o(.text.LL_RTC_ALMA_Init), (268 bytes).
    Removing stm32f3xx_ll_rtc.o(.ARM.exidx.text.LL_RTC_ALMA_Init), (8 bytes).
    Removing stm32f3xx_ll_rtc.o(.text.LL_RTC_ALMB_Init), (268 bytes).
    Removing stm32f3xx_ll_rtc.o(.ARM.exidx.text.LL_RTC_ALMB_Init), (8 bytes).
    Removing stm32f3xx_ll_rtc.o(.text.LL_RTC_ALMA_StructInit), (18 bytes).
    Removing stm32f3xx_ll_rtc.o(.ARM.exidx.text.LL_RTC_ALMA_StructInit), (8 bytes).
    Removing stm32f3xx_ll_rtc.o(.text.LL_RTC_ALMB_StructInit), (18 bytes).
    Removing stm32f3xx_ll_rtc.o(.ARM.exidx.text.LL_RTC_ALMB_StructInit), (8 bytes).
    Removing stm32f3xx_ll_rtc.o(.text.LL_RTC_ExitInitMode), (12 bytes).
    Removing stm32f3xx_ll_rtc.o(.ARM.exidx.text.LL_RTC_ExitInitMode), (8 bytes).

223 unused section(s) (total 11998 bytes) removed from the image.

==============================================================================

Image Symbol Table

    Local Symbols

    Symbol Name                              Value     Ov Type        Size  Object(Section)

    ../clib/microlib/init/entry.s            0x00000000   Number         0  entry.o ABSOLUTE
    ../clib/microlib/init/entry.s            0x00000000   Number         0  entry2.o ABSOLUTE
    ../clib/microlib/init/entry.s            0x00000000   Number         0  entry5.o ABSOLUTE
    ../clib/microlib/init/entry.s            0x00000000   Number         0  entry7a.o ABSOLUTE
    ../clib/microlib/init/entry.s            0x00000000   Number         0  entry7b.o ABSOLUTE
    ../clib/microlib/init/entry.s            0x00000000   Number         0  entry8a.o ABSOLUTE
    ../clib/microlib/init/entry.s            0x00000000   Number         0  entry8b.o ABSOLUTE
    ../clib/microlib/init/entry.s            0x00000000   Number         0  entry9a.o ABSOLUTE
    ../clib/microlib/init/entry.s            0x00000000   Number         0  entry9b.o ABSOLUTE
    ../clib/microlib/init/entry.s            0x00000000   Number         0  entry10a.o ABSOLUTE
    ../clib/microlib/init/entry.s            0x00000000   Number         0  entry10b.o ABSOLUTE
    ../clib/microlib/init/entry.s            0x00000000   Number         0  entry11a.o ABSOLUTE
    ../clib/microlib/init/entry.s            0x00000000   Number         0  entry11b.o ABSOLUTE
    ../clib/microlib/string/memset.c         0x00000000   Number         0  memseta.o ABSOLUTE
    dc.s                                     0x00000000   Number         0  dc.o ABSOLUTE
    handlers.s                               0x00000000   Number         0  handlers.o ABSOLUTE
    init.s                                   0x00000000   Number         0  init.o ABSOLUTE
    main.c                                   0x00000000   Number         0  main.o ABSOLUTE
    startup_stm32f303xc.s                    0x00000000   Number         0  startup_stm32f303xc.o ABSOLUTE
    stm32f3xx_it.c                           0x00000000   Number         0  stm32f3xx_it.o ABSOLUTE
    stm32f3xx_ll_adc.c                       0x00000000   Number         0  stm32f3xx_ll_adc.o ABSOLUTE
    stm32f3xx_ll_comp.c                      0x00000000   Number         0  stm32f3xx_ll_comp.o ABSOLUTE
    stm32f3xx_ll_crc.c                       0x00000000   Number         0  stm32f3xx_ll_crc.o ABSOLUTE
    stm32f3xx_ll_dac.c                       0x00000000   Number         0  stm32f3xx_ll_dac.o ABSOLUTE
    stm32f3xx_ll_dma.c                       0x00000000   Number         0  stm32f3xx_ll_dma.o ABSOLUTE
    stm32f3xx_ll_exti.c                      0x00000000   Number         0  stm32f3xx_ll_exti.o ABSOLUTE
    stm32f3xx_ll_gpio.c                      0x00000000   Number         0  stm32f3xx_ll_gpio.o ABSOLUTE
    stm32f3xx_ll_hrtim.c                     0x00000000   Number         0  stm32f3xx_ll_hrtim.o ABSOLUTE
    stm32f3xx_ll_i2c.c                       0x00000000   Number         0  stm32f3xx_ll_i2c.o ABSOLUTE
    stm32f3xx_ll_opamp.c                     0x00000000   Number         0  stm32f3xx_ll_opamp.o ABSOLUTE
    stm32f3xx_ll_pwr.c                       0x00000000   Number         0  stm32f3xx_ll_pwr.o ABSOLUTE
    stm32f3xx_ll_rcc.c                       0x00000000   Number         0  stm32f3xx_ll_rcc.o ABSOLUTE
    stm32f3xx_ll_rtc.c                       0x00000000   Number         0  stm32f3xx_ll_rtc.o ABSOLUTE
    stm32f3xx_ll_spi.c                       0x00000000   Number         0  stm32f3xx_ll_spi.o ABSOLUTE
    stm32f3xx_ll_tim.c                       0x00000000   Number         0  stm32f3xx_ll_tim.o ABSOLUTE
    stm32f3xx_ll_usart.c                     0x00000000   Number         0  stm32f3xx_ll_usart.o ABSOLUTE
    stm32f3xx_ll_utils.c                     0x00000000   Number         0  stm32f3xx_ll_utils.o ABSOLUTE
    system_stm32f3xx.c                       0x00000000   Number         0  system_stm32f3xx.o ABSOLUTE
    RESET                                    0x08000000   Section      392  startup_stm32f303xc.o(RESET)
    .ARM.Collect$$$$00000000                 0x08000188   Section        0  entry.o(.ARM.Collect$$$$00000000)
    .ARM.Collect$$$$00000001                 0x08000188   Section        4  entry2.o(.ARM.Collect$$$$00000001)
    .ARM.Collect$$$$00000004                 0x0800018c   Section        4  entry5.o(.ARM.Collect$$$$00000004)
    .ARM.Collect$$$$00000008                 0x08000190   Section        0  entry7b.o(.ARM.Collect$$$$00000008)
    .ARM.Collect$$$$0000000A                 0x08000190   Section        0  entry8b.o(.ARM.Collect$$$$0000000A)
    .ARM.Collect$$$$0000000B                 0x08000190   Section        8  entry9a.o(.ARM.Collect$$$$0000000B)
    __lit__00000000                          0x08000198   Data           4  entry2.o(.ARM.Collect$$$$00002712)
    .ARM.Collect$$$$0000000D                 0x08000198   Section        0  entry10a.o(.ARM.Collect$$$$0000000D)
    .ARM.Collect$$$$0000000F                 0x08000198   Section        0  entry11a.o(.ARM.Collect$$$$0000000F)
    .ARM.Collect$$$$00002712                 0x08000198   Section        4  entry2.o(.ARM.Collect$$$$00002712)
    $v0                                      0x0800019c   Number         0  startup_stm32f303xc.o(.text)
    .text                                    0x0800019c   Section       36  startup_stm32f303xc.o(.text)
    .text                                    0x080001c0   Section       48  init.o(.text)
    [Anonymous Symbol]                       0x080001f0   Section        0  stm32f3xx_it.o(.text.BusFault_Handler)
    [Anonymous Symbol]                       0x080001f4   Section        0  stm32f3xx_it.o(.text.DebugMon_Handler)
    [Anonymous Symbol]                       0x080001f8   Section        0  stm32f3xx_it.o(.text.HardFault_Handler)
    [Anonymous Symbol]                       0x080001fc   Section        0  stm32f3xx_ll_utils.o(.text.LL_Init1msTick)
    [Anonymous Symbol]                       0x08000224   Section        0  stm32f3xx_ll_utils.o(.text.LL_SetSystemCoreClock)
    [Anonymous Symbol]                       0x08000230   Section        0  stm32f3xx_it.o(.text.MemManage_Handler)
    [Anonymous Symbol]                       0x08000234   Section        0  stm32f3xx_it.o(.text.NMI_Handler)
    [Anonymous Symbol]                       0x08000238   Section        0  stm32f3xx_it.o(.text.PendSV_Handler)
    [Anonymous Symbol]                       0x0800023c   Section        0  stm32f3xx_it.o(.text.SVC_Handler)
    [Anonymous Symbol]                       0x08000240   Section        0  stm32f3xx_it.o(.text.SysTick_Handler)
    [Anonymous Symbol]                       0x08000244   Section        0  main.o(.text.SystemClock_Config)
    [Anonymous Symbol]                       0x08000338   Section        0  system_stm32f3xx.o(.text.SystemInit)
    [Anonymous Symbol]                       0x080003a8   Section        0  stm32f3xx_it.o(.text.UsageFault_Handler)
    [Anonymous Symbol]                       0x080003ac   Section        0  main.o(.text.main)
    i.__scatterload_copy                     0x080003b2   Section       14  handlers.o(i.__scatterload_copy)
    i.__scatterload_null                     0x080003c0   Section        2  handlers.o(i.__scatterload_null)
    i.__scatterload_zeroinit                 0x080003c2   Section       14  handlers.o(i.__scatterload_zeroinit)
    STACK                                    0x20000008   Section     1024  startup_stm32f303xc.o(STACK)

    Global Symbols

    Symbol Name                              Value     Ov Type        Size  Object(Section)

    BuildAttributes$$THM_ISAv4$E$P$D$K$B$S$7EM$VFPi3$EXTD16$VFPS$VFMA$PE$A:L22UL41UL21$X:L11$S22US41US21$IEEE1$IW$~IW$USESV6$~STKCKD$USESV7$~SHL$OTIME$EBA8$MICROLIB$REQ8$PRES8$EABIv2 0x00000000   Number         0  anon$$obj.o ABSOLUTE
    __cpp_initialize__aeabi_                  - Undefined Weak Reference
    __cxa_finalize                            - Undefined Weak Reference
    __decompress                              - Undefined Weak Reference
    _clock_init                               - Undefined Weak Reference
    _microlib_exit                            - Undefined Weak Reference
    __Vectors_Size                           0x00000188   Number         0  startup_stm32f303xc.o ABSOLUTE
    __Vectors                                0x08000000   Data           4  startup_stm32f303xc.o(RESET)
    __Vectors_End                            0x08000188   Data           0  startup_stm32f303xc.o(RESET)
    __main                                   0x08000189   Thumb Code     0  entry.o(.ARM.Collect$$$$00000000)
    _main_stk                                0x08000189   Thumb Code     0  entry2.o(.ARM.Collect$$$$00000001)
    _main_scatterload                        0x0800018d   Thumb Code     0  entry5.o(.ARM.Collect$$$$00000004)
    __main_after_scatterload                 0x08000191   Thumb Code     0  entry5.o(.ARM.Collect$$$$00000004)
    _main_clock                              0x08000191   Thumb Code     0  entry7b.o(.ARM.Collect$$$$00000008)
    _main_cpp_init                           0x08000191   Thumb Code     0  entry8b.o(.ARM.Collect$$$$0000000A)
    _main_init                               0x08000191   Thumb Code     0  entry9a.o(.ARM.Collect$$$$0000000B)
    __rt_final_cpp                           0x08000199   Thumb Code     0  entry10a.o(.ARM.Collect$$$$0000000D)
    __rt_final_exit                          0x08000199   Thumb Code     0  entry11a.o(.ARM.Collect$$$$0000000F)
    Reset_Handler                            0x0800019d   Thumb Code     8  startup_stm32f303xc.o(.text)
    ADC1_2_IRQHandler                        0x080001b7   Thumb Code     0  startup_stm32f303xc.o(.text)
    ADC3_IRQHandler                          0x080001b7   Thumb Code     0  startup_stm32f303xc.o(.text)
    ADC4_IRQHandler                          0x080001b7   Thumb Code     0  startup_stm32f303xc.o(.text)
    CAN_RX1_IRQHandler                       0x080001b7   Thumb Code     0  startup_stm32f303xc.o(.text)
    CAN_SCE_IRQHandler                       0x080001b7   Thumb Code     0  startup_stm32f303xc.o(.text)
    COMP1_2_3_IRQHandler                     0x080001b7   Thumb Code     0  startup_stm32f303xc.o(.text)
    COMP4_5_6_IRQHandler                     0x080001b7   Thumb Code     0  startup_stm32f303xc.o(.text)
    COMP7_IRQHandler                         0x080001b7   Thumb Code     0  startup_stm32f303xc.o(.text)
    DMA1_Channel1_IRQHandler                 0x080001b7   Thumb Code     0  startup_stm32f303xc.o(.text)
    DMA1_Channel2_IRQHandler                 0x080001b7   Thumb Code     0  startup_stm32f303xc.o(.text)
    DMA1_Channel3_IRQHandler                 0x080001b7   Thumb Code     0  startup_stm32f303xc.o(.text)
    DMA1_Channel4_IRQHandler                 0x080001b7   Thumb Code     0  startup_stm32f303xc.o(.text)
    DMA1_Channel5_IRQHandler                 0x080001b7   Thumb Code     0  startup_stm32f303xc.o(.text)
    DMA1_Channel6_IRQHandler                 0x080001b7   Thumb Code     0  startup_stm32f303xc.o(.text)
    DMA1_Channel7_IRQHandler                 0x080001b7   Thumb Code     0  startup_stm32f303xc.o(.text)
    DMA2_Channel1_IRQHandler                 0x080001b7   Thumb Code     0  startup_stm32f303xc.o(.text)
    DMA2_Channel2_IRQHandler                 0x080001b7   Thumb Code     0  startup_stm32f303xc.o(.text)
    DMA2_Channel3_IRQHandler                 0x080001b7   Thumb Code     0  startup_stm32f303xc.o(.text)
    DMA2_Channel4_IRQHandler                 0x080001b7   Thumb Code     0  startup_stm32f303xc.o(.text)
    DMA2_Channel5_IRQHandler                 0x080001b7   Thumb Code     0  startup_stm32f303xc.o(.text)
    EXTI0_IRQHandler                         0x080001b7   Thumb Code     0  startup_stm32f303xc.o(.text)
    EXTI15_10_IRQHandler                     0x080001b7   Thumb Code     0  startup_stm32f303xc.o(.text)
    EXTI1_IRQHandler                         0x080001b7   Thumb Code     0  startup_stm32f303xc.o(.text)
    EXTI2_TSC_IRQHandler                     0x080001b7   Thumb Code     0  startup_stm32f303xc.o(.text)
    EXTI3_IRQHandler                         0x080001b7   Thumb Code     0  startup_stm32f303xc.o(.text)
    EXTI4_IRQHandler                         0x080001b7   Thumb Code     0  startup_stm32f303xc.o(.text)
    EXTI9_5_IRQHandler                       0x080001b7   Thumb Code     0  startup_stm32f303xc.o(.text)
    FLASH_IRQHandler                         0x080001b7   Thumb Code     0  startup_stm32f303xc.o(.text)
    FPU_IRQHandler                           0x080001b7   Thumb Code     0  startup_stm32f303xc.o(.text)
    I2C1_ER_IRQHandler                       0x080001b7   Thumb Code     0  startup_stm32f303xc.o(.text)
    I2C1_EV_IRQHandler                       0x080001b7   Thumb Code     0  startup_stm32f303xc.o(.text)
    I2C2_ER_IRQHandler                       0x080001b7   Thumb Code     0  startup_stm32f303xc.o(.text)
    I2C2_EV_IRQHandler                       0x080001b7   Thumb Code     0  startup_stm32f303xc.o(.text)
    PVD_IRQHandler                           0x080001b7   Thumb Code     0  startup_stm32f303xc.o(.text)
    RCC_IRQHandler                           0x080001b7   Thumb Code     0  startup_stm32f303xc.o(.text)
    RTC_Alarm_IRQHandler                     0x080001b7   Thumb Code     0  startup_stm32f303xc.o(.text)
    RTC_WKUP_IRQHandler                      0x080001b7   Thumb Code     0  startup_stm32f303xc.o(.text)
    SPI1_IRQHandler                          0x080001b7   Thumb Code     0  startup_stm32f303xc.o(.text)
    SPI2_IRQHandler                          0x080001b7   Thumb Code     0  startup_stm32f303xc.o(.text)
    SPI3_IRQHandler                          0x080001b7   Thumb Code     0  startup_stm32f303xc.o(.text)
    TAMP_STAMP_IRQHandler                    0x080001b7   Thumb Code     0  startup_stm32f303xc.o(.text)
    TIM1_BRK_TIM15_IRQHandler                0x080001b7   Thumb Code     0  startup_stm32f303xc.o(.text)
    TIM1_CC_IRQHandler                       0x080001b7   Thumb Code     0  startup_stm32f303xc.o(.text)
    TIM1_TRG_COM_TIM17_IRQHandler            0x080001b7   Thumb Code     0  startup_stm32f303xc.o(.text)
    TIM1_UP_TIM16_IRQHandler                 0x080001b7   Thumb Code     0  startup_stm32f303xc.o(.text)
    TIM2_IRQHandler                          0x080001b7   Thumb Code     0  startup_stm32f303xc.o(.text)
    TIM3_IRQHandler                          0x080001b7   Thumb Code     0  startup_stm32f303xc.o(.text)
    TIM4_IRQHandler                          0x080001b7   Thumb Code     0  startup_stm32f303xc.o(.text)
    TIM6_DAC_IRQHandler                      0x080001b7   Thumb Code     0  startup_stm32f303xc.o(.text)
    TIM7_IRQHandler                          0x080001b7   Thumb Code     0  startup_stm32f303xc.o(.text)
    TIM8_BRK_IRQHandler                      0x080001b7   Thumb Code     0  startup_stm32f303xc.o(.text)
    TIM8_CC_IRQHandler                       0x080001b7   Thumb Code     0  startup_stm32f303xc.o(.text)
    TIM8_TRG_COM_IRQHandler                  0x080001b7   Thumb Code     0  startup_stm32f303xc.o(.text)
    TIM8_UP_IRQHandler                       0x080001b7   Thumb Code     0  startup_stm32f303xc.o(.text)
    UART4_IRQHandler                         0x080001b7   Thumb Code     0  startup_stm32f303xc.o(.text)
    UART5_IRQHandler                         0x080001b7   Thumb Code     0  startup_stm32f303xc.o(.text)
    USART1_IRQHandler                        0x080001b7   Thumb Code     0  startup_stm32f303xc.o(.text)
    USART2_IRQHandler                        0x080001b7   Thumb Code     0  startup_stm32f303xc.o(.text)
    USART3_IRQHandler                        0x080001b7   Thumb Code     0  startup_stm32f303xc.o(.text)
    USBWakeUp_IRQHandler                     0x080001b7   Thumb Code     0  startup_stm32f303xc.o(.text)
    USBWakeUp_RMP_IRQHandler                 0x080001b7   Thumb Code     0  startup_stm32f303xc.o(.text)
    USB_HP_CAN_TX_IRQHandler                 0x080001b7   Thumb Code     0  startup_stm32f303xc.o(.text)
    USB_HP_IRQHandler                        0x080001b7   Thumb Code     0  startup_stm32f303xc.o(.text)
    USB_LP_CAN_RX0_IRQHandler                0x080001b7   Thumb Code     0  startup_stm32f303xc.o(.text)
    USB_LP_IRQHandler                        0x080001b7   Thumb Code     0  startup_stm32f303xc.o(.text)
    WWDG_IRQHandler                          0x080001b7   Thumb Code     0  startup_stm32f303xc.o(.text)
    __scatterload                            0x080001c1   Thumb Code    38  init.o(.text)
    __scatterload_rt2                        0x080001c1   Thumb Code     0  init.o(.text)
    BusFault_Handler                         0x080001f1   Thumb Code     2  stm32f3xx_it.o(.text.BusFault_Handler)
    DebugMon_Handler                         0x080001f5   Thumb Code     2  stm32f3xx_it.o(.text.DebugMon_Handler)
    HardFault_Handler                        0x080001f9   Thumb Code     2  stm32f3xx_it.o(.text.HardFault_Handler)
    LL_Init1msTick                           0x080001fd   Thumb Code    40  stm32f3xx_ll_utils.o(.text.LL_Init1msTick)
    LL_SetSystemCoreClock                    0x08000225   Thumb Code    12  stm32f3xx_ll_utils.o(.text.LL_SetSystemCoreClock)
    MemManage_Handler                        0x08000231   Thumb Code     2  stm32f3xx_it.o(.text.MemManage_Handler)
    NMI_Handler                              0x08000235   Thumb Code     2  stm32f3xx_it.o(.text.NMI_Handler)
    PendSV_Handler                           0x08000239   Thumb Code     2  stm32f3xx_it.o(.text.PendSV_Handler)
    SVC_Handler                              0x0800023d   Thumb Code     2  stm32f3xx_it.o(.text.SVC_Handler)
    SysTick_Handler                          0x08000241   Thumb Code     2  stm32f3xx_it.o(.text.SysTick_Handler)
    SystemClock_Config                       0x08000245   Thumb Code   242  main.o(.text.SystemClock_Config)
    SystemInit                               0x08000339   Thumb Code   112  system_stm32f3xx.o(.text.SystemInit)
    UsageFault_Handler                       0x080003a9   Thumb Code     2  stm32f3xx_it.o(.text.UsageFault_Handler)
    main                                     0x080003ad   Thumb Code     6  main.o(.text.main)
    __scatterload_copy                       0x080003b3   Thumb Code    14  handlers.o(i.__scatterload_copy)
    __scatterload_null                       0x080003c1   Thumb Code     2  handlers.o(i.__scatterload_null)
    __scatterload_zeroinit                   0x080003c3   Thumb Code    14  handlers.o(i.__scatterload_zeroinit)
    Region$$Table$$Base                      0x080003d0   Number         0  anon$$obj.o(Region$$Table)
    Region$$Table$$Limit                     0x080003f0   Number         0  anon$$obj.o(Region$$Table)
    SystemCoreClock                          0x20000000   Data           4  system_stm32f3xx.o(.data.SystemCoreClock)
    __initial_sp                             0x20000408   Data           0  startup_stm32f303xc.o(STACK)



==============================================================================

Memory Map of the image

  Image Entry point : 0x08000189

  Load Region LR_IROM1 (Base: 0x08000000, Size: 0x000003f8, Max: 0x00040000, ABSOLUTE)

    Execution Region ER_IROM1 (Exec base: 0x08000000, Load base: 0x08000000, Size: 0x000003f0, Max: 0x00040000, ABSOLUTE)

    Exec Addr    Load Addr    Size         Type   Attr      Idx    E Section Name        Object

    0x08000000   0x08000000   0x00000188   Data   RO           40    RESET               startup_stm32f303xc.o
    0x08000188   0x08000188   0x00000000   Code   RO          376  * .ARM.Collect$$$$00000000  mc_w.l(entry.o)
    0x08000188   0x08000188   0x00000004   Code   RO          381    .ARM.Collect$$$$00000001  mc_w.l(entry2.o)
    0x0800018c   0x0800018c   0x00000004   Code   RO          384    .ARM.Collect$$$$00000004  mc_w.l(entry5.o)
    0x08000190   0x08000190   0x00000000   Code   RO          386    .ARM.Collect$$$$00000008  mc_w.l(entry7b.o)
    0x08000190   0x08000190   0x00000000   Code   RO          388    .ARM.Collect$$$$0000000A  mc_w.l(entry8b.o)
    0x08000190   0x08000190   0x00000008   Code   RO          389    .ARM.Collect$$$$0000000B  mc_w.l(entry9a.o)
    0x08000198   0x08000198   0x00000000   Code   RO          391    .ARM.Collect$$$$0000000D  mc_w.l(entry10a.o)
    0x08000198   0x08000198   0x00000000   Code   RO          393    .ARM.Collect$$$$0000000F  mc_w.l(entry11a.o)
    0x08000198   0x08000198   0x00000004   Code   RO          382    .ARM.Collect$$$$00002712  mc_w.l(entry2.o)
    0x0800019c   0x0800019c   0x00000024   Code   RO           41    .text               startup_stm32f303xc.o
    0x080001c0   0x080001c0   0x00000030   Code   RO          395    .text               mc_w.l(init.o)
    0x080001f0   0x080001f0   0x00000002   Code   RO           20    .text.BusFault_Handler  stm32f3xx_it.o
    0x080001f2   0x080001f2   0x00000002   PAD
    0x080001f4   0x080001f4   0x00000002   Code   RO           26    .text.DebugMon_Handler  stm32f3xx_it.o
    0x080001f6   0x080001f6   0x00000002   PAD
    0x080001f8   0x080001f8   0x00000002   Code   RO           16    .text.HardFault_Handler  stm32f3xx_it.o
    0x080001fa   0x080001fa   0x00000002   PAD
    0x080001fc   0x080001fc   0x00000028   Code   RO          270    .text.LL_Init1msTick  stm32f3xx_ll_utils.o
    0x08000224   0x08000224   0x0000000c   Code   RO          274    .text.LL_SetSystemCoreClock  stm32f3xx_ll_utils.o
    0x08000230   0x08000230   0x00000002   Code   RO           18    .text.MemManage_Handler  stm32f3xx_it.o
    0x08000232   0x08000232   0x00000002   PAD
    0x08000234   0x08000234   0x00000002   Code   RO           14    .text.NMI_Handler   stm32f3xx_it.o
    0x08000236   0x08000236   0x00000002   PAD
    0x08000238   0x08000238   0x00000002   Code   RO           28    .text.PendSV_Handler  stm32f3xx_it.o
    0x0800023a   0x0800023a   0x00000002   PAD
    0x0800023c   0x0800023c   0x00000002   Code   RO           24    .text.SVC_Handler   stm32f3xx_it.o
    0x0800023e   0x0800023e   0x00000002   PAD
    0x08000240   0x08000240   0x00000002   Code   RO           30    .text.SysTick_Handler  stm32f3xx_it.o
    0x08000242   0x08000242   0x00000002   PAD
    0x08000244   0x08000244   0x000000f2   Code   RO            4    .text.SystemClock_Config  main.o
    0x08000336   0x08000336   0x00000002   PAD
    0x08000338   0x08000338   0x00000070   Code   RO           48    .text.SystemInit    system_stm32f3xx.o
    0x080003a8   0x080003a8   0x00000002   Code   RO           22    .text.UsageFault_Handler  stm32f3xx_it.o
    0x080003aa   0x080003aa   0x00000002   PAD
    0x080003ac   0x080003ac   0x00000006   Code   RO            2    .text.main          main.o
    0x080003b2   0x080003b2   0x0000000e   Code   RO          399    i.__scatterload_copy  mc_w.l(handlers.o)
    0x080003c0   0x080003c0   0x00000002   Code   RO          400    i.__scatterload_null  mc_w.l(handlers.o)
    0x080003c2   0x080003c2   0x0000000e   Code   RO          401    i.__scatterload_zeroinit  mc_w.l(handlers.o)
    0x080003d0   0x080003d0   0x00000020   Data   RO          398    Region$$Table       anon$$obj.o


    Execution Region RW_IRAM1 (Exec base: 0x20000000, Load base: 0x080003f0, Size: 0x00000408, Max: 0x0000a000, ABSOLUTE)

    Exec Addr    Load Addr    Size         Type   Attr      Idx    E Section Name        Object

    0x20000000   0x080003f0   0x00000004   Data   RW           52    .data.SystemCoreClock  system_stm32f3xx.o
    0x20000004   0x080003f4   0x00000004   PAD
    0x20000008        -       0x00000400   Zero   RW           38    STACK               startup_stm32f303xc.o


==============================================================================

Image component sizes


      Code (inc. data)   RO Data    RW Data    ZI Data      Debug   Object Name

       248          0          0          0          0       2621   main.o
        36          8        392          0       1024        876   startup_stm32f303xc.o
        18          0          0          0          0       1028   stm32f3xx_it.o
        52          0          0          0          0       7088   stm32f3xx_ll_utils.o
       112          0          0          4          0       2396   system_stm32f3xx.o

    ----------------------------------------------------------------------
       486          8        424          4       1028      14009   Object Totals
         0          0         32          0          0          0   (incl. Generated)
        20          0          0          0          4          0   (incl. Padding)

    ----------------------------------------------------------------------

      Code (inc. data)   RO Data    RW Data    ZI Data      Debug   Library Member Name

         0          0          0          0          0          0   entry.o
         0          0          0          0          0          0   entry10a.o
         0          0          0          0          0          0   entry11a.o
         8          4          0          0          0          0   entry2.o
         4          0          0          0          0          0   entry5.o
         0          0          0          0          0          0   entry7b.o
         0          0          0          0          0          0   entry8b.o
         8          4          0          0          0          0   entry9a.o
        30          0          0          0          0          0   handlers.o
        48         10          0          0          0         68   init.o

    ----------------------------------------------------------------------
        98         18          0          0          0         68   Library Totals
         0          0          0          0          0          0   (incl. Padding)

    ----------------------------------------------------------------------

      Code (inc. data)   RO Data    RW Data    ZI Data      Debug   Library Name

        98         18          0          0          0         68   mc_w.l

    ----------------------------------------------------------------------
        98         18          0          0          0         68   Library Totals

    ----------------------------------------------------------------------

==============================================================================


      Code (inc. data)   RO Data    RW Data    ZI Data      Debug   

       584         26        424          4       1028      14221   Grand Totals
       584         26        424          4       1028      14221   ELF Image Totals
       584         26        424          4          0          0   ROM Totals

==============================================================================

    Total RO  Size (Code + RO Data)                 1008 (   0.98kB)
    Total RW  Size (RW Data + ZI Data)              1032 (   1.01kB)
    Total ROM Size (Code + RO Data + RW Data)       1012 (   0.99kB)

==============================================================================

