<html>
<body>
<pre>
<h1>µVision Build Log</h1>
<h2>Tool Versions:</h2>
IDE-Version: µVision V5.40.0.0
Copyright (C) 2024 ARM Ltd and ARM Germany GmbH. All rights reserved.
License Information: Shaheer Abbas, Habib University, LIC=----
 
Tool Versions:
Toolchain:       MDK-Lite  Version: 5.40.0.3
Toolchain Path:  D:\MDK-ARM\Keil_v5\ARM\ARMCLANG\Bin
C Compiler:      ArmClang.exe V6.22
Assembler:       Armasm.exe V6.22
Linker/Locator:  ArmLink.exe V6.22
Library Manager: ArmAr.exe V6.22
Hex Converter:   FromElf.exe V6.22
CPU DLL:         SARMCM3.DLL V5.40.0.3
Dialog DLL:      DCM.DLL V1.17.5.0
Target DLL:      STLink\ST-LINKIII-KEIL_SWO.dll V3.3.0.0
Dialog DLL:      TCM.DLL V1.56.4.0
 
<h2>Project:</h2>
D:\en.stm32cubef3\STM32Cube_FW_F3_V1.11.0\Projects\STM32F3-Discovery\Templates_LL\MDK-ARM\Project.uvprojx
Project File Date:  08/27/2024

<h2>Output:</h2>
*** Using Compiler 'V6.22', folder: 'D:\MDK-ARM\Keil_v5\ARM\ARMCLANG\Bin'
Build target 'STM32F3-Discovery'
compiling system_stm32f3xx.c...
compiling main.c...
compiling stm32f3xx_it.c...
compiling stm32f3xx_ll_usart.c...
compiling stm32f3xx_ll_pwr.c...
compiling stm32f3xx_ll_tim.c...
compiling stm32f3xx_ll_opamp.c...
compiling stm32f3xx_ll_gpio.c...
compiling stm32f3xx_ll_rcc.c...
compiling stm32f3xx_ll_hrtim.c...
compiling stm32f3xx_ll_spi.c...
compiling stm32f3xx_ll_adc.c...
compiling stm32f3xx_ll_comp.c...
compiling stm32f3xx_ll_dma.c...
compiling stm32f3xx_ll_utils.c...
compiling stm32f3xx_ll_dac.c...
compiling stm32f3xx_ll_exti.c...
compiling stm32f3xx_ll_crc.c...
compiling stm32f3xx_ll_i2c.c...
compiling stm32f3xx_ll_rtc.c...
linking...
Program Size: Code=584 RO-data=424 RW-data=4 ZI-data=1028  
"STM32F3-Discovery\STM32F3-Discovery.axf" - 0 Error(s), 0 Warning(s).

<h2>Software Packages used:</h2>

Package Vendor: ARM
                https://www.keil.com/pack/ARM.CMSIS.6.1.0.pack
                ARM::CMSIS@6.1.0
                CMSIS (Common Microcontroller Software Interface Standard)
   * Component: CORE Version: 6.1.0

Package Vendor: Keil
                http://www.keil.com/pack/Keil.STM32F3xx_DFP.2.2.2.pack
                Keil::STM32F3xx_DFP@2.2.2
                STMicroelectronics STM32F3 Series Device Support and Examples

<h2>Collection of Component include folders:</h2>
  ./RTE/_STM32F3-Discovery
  D:/MDK-ARM/Arm/Packs/ARM/CMSIS/6.1.0/CMSIS/Core/Include
  D:/MDK-ARM/Arm/Packs/Keil/STM32F3xx_DFP/2.2.2/Drivers/CMSIS/Device/ST/STM32F3xx/Include

<h2>Collection of Component Files used:</h2>

   * Component: ARM::CMSIS:CORE@6.1.0
Build Time Elapsed:  00:00:09
</pre>
</body>
</html>
